a1 = 3.04284e-10
a2 = 3.04284e-10
Beta(H2O(L), H2O(L)) = 0
Beta(H2O(L), Na+) = 0
Beta(H2O(L), Cl-) = 0
Beta(H2O(L), H+) = 0
Beta(H2O(L), OH-) = 0
Beta(H2O(L), NaCl(aq)) = 0
Beta(H2O(L), NaOH(aq)) = 0
Beta(H2O(L), NaH3SiO4(aq)) = 0
Beta(H2O(L), SiO2(aq)) = 0
Beta(H2O(L), H3SiO4-) = 0
Beta(Na+, H2O(L)) = 0
Beta(Na+, Na+) = 0
Beta(Na+, Cl-) = 0.15
Beta(Na+, H+) = 0
Beta(Na+, OH-) = 0.06
Beta(Na+, NaCl(aq)) = 0
Beta(Na+, NaOH(aq)) = 0
Beta(Na+, NaH3SiO4(aq)) = 0
Beta(Na+, SiO2(aq)) = 0
Beta(Na+, H3SiO4-) = 0
Beta(Cl-, H2O(L)) = 0
Beta(Cl-, Na+) = 0.15
Beta(Cl-, Cl-) = 0
Beta(Cl-, H+) = 0.27
Beta(Cl-, OH-) = 0
Beta(Cl-, NaCl(aq)) = 0
Beta(Cl-, NaOH(aq)) = 0
Beta(Cl-, NaH3SiO4(aq)) = 0
Beta(Cl-, SiO2(aq)) = 0
Beta(Cl-, H3SiO4-) = 0
Beta(H+, H2O(L)) = 0
Beta(H+, Na+) = 0
Beta(H+, Cl-) = 0.27
Beta(H+, H+) = 0
Beta(H+, OH-) = 0
Beta(H+, NaCl(aq)) = 0
Beta(H+, NaOH(aq)) = 0
Beta(H+, NaH3SiO4(aq)) = 0
Beta(H+, SiO2(aq)) = 0
Beta(H+, H3SiO4-) = 0
Beta(OH-, H2O(L)) = 0
Beta(OH-, Na+) = 0.06
Beta(OH-, Cl-) = 0
Beta(OH-, H+) = 0
Beta(OH-, OH-) = 0
Beta(OH-, NaCl(aq)) = 0
Beta(OH-, NaOH(aq)) = 0
Beta(OH-, NaH3SiO4(aq)) = 0
Beta(OH-, SiO2(aq)) = 0
Beta(OH-, H3SiO4-) = 0
Beta(NaCl(aq), H2O(L)) = 0
Beta(NaCl(aq), Na+) = 0
Beta(NaCl(aq), Cl-) = 0
Beta(NaCl(aq), H+) = 0
Beta(NaCl(aq), OH-) = 0
Beta(NaCl(aq), NaCl(aq)) = 0
Beta(NaCl(aq), NaOH(aq)) = 0
Beta(NaCl(aq), NaH3SiO4(aq)) = 0
Beta(NaCl(aq), SiO2(aq)) = 0
Beta(NaCl(aq), H3SiO4-) = 0
Beta(NaOH(aq), H2O(L)) = 0
Beta(NaOH(aq), Na+) = 0
Beta(NaOH(aq), Cl-) = 0
Beta(NaOH(aq), H+) = 0
Beta(NaOH(aq), OH-) = 0
Beta(NaOH(aq), NaCl(aq)) = 0
Beta(NaOH(aq), NaOH(aq)) = 0
Beta(NaOH(aq), NaH3SiO4(aq)) = 0
Beta(NaOH(aq), SiO2(aq)) = 0
Beta(NaOH(aq), H3SiO4-) = 0
Beta(NaH3SiO4(aq), H2O(L)) = 0
Beta(NaH3SiO4(aq), Na+) = 0
Beta(NaH3SiO4(aq), Cl-) = 0
Beta(NaH3SiO4(aq), H+) = 0
Beta(NaH3SiO4(aq), OH-) = 0
Beta(NaH3SiO4(aq), NaCl(aq)) = 0
Beta(NaH3SiO4(aq), NaOH(aq)) = 0
Beta(NaH3SiO4(aq), NaH3SiO4(aq)) = 0
Beta(NaH3SiO4(aq), SiO2(aq)) = 0
Beta(NaH3SiO4(aq), H3SiO4-) = 0
Beta(SiO2(aq), H2O(L)) = 0
Beta(SiO2(aq), Na+) = 0
Beta(SiO2(aq), Cl-) = 0
Beta(SiO2(aq), H+) = 0
Beta(SiO2(aq), OH-) = 0
Beta(SiO2(aq), NaCl(aq)) = 0
Beta(SiO2(aq), NaOH(aq)) = 0
Beta(SiO2(aq), NaH3SiO4(aq)) = 0
Beta(SiO2(aq), SiO2(aq)) = 0
Beta(SiO2(aq), H3SiO4-) = 0
Beta(H3SiO4-, H2O(L)) = 0
Beta(H3SiO4-, Na+) = 0
Beta(H3SiO4-, Cl-) = 0
Beta(H3SiO4-, H+) = 0
Beta(H3SiO4-, OH-) = 0
Beta(H3SiO4-, NaCl(aq)) = 0
Beta(H3SiO4-, NaOH(aq)) = 0
Beta(H3SiO4-, NaH3SiO4(aq)) = 0
Beta(H3SiO4-, SiO2(aq)) = 0
Beta(H3SiO4-, H3SiO4-) = 0
            Name      Activity  ActCoeffMolal    MoleFract      Molality
          H2O(L)       0.85262      0.959911      0.888228       55.5084
             Na+       3.50864       1.16955      0.048005             3
             Cl-       3.50864       1.16955      0.048005             3
              H+   2.52265e-08       2.40275   1.68002e-10    1.0499e-08
             OH-   9.38156e-07      0.681552   2.20263e-08    1.3765e-06
        NaCl(aq)       0.98492             1     0.0157604       0.98492
        NaOH(aq)    3.8836e-06             1   6.21441e-08    3.8836e-06
    NaH3SiO4(aq)    6.8798e-05             1   1.10088e-06    6.8798e-05
        SiO2(aq)    3.0179e-05             1   4.82915e-07    3.0179e-05
         H3SiO4-   4.86486e-07      0.475502   1.63713e-08    1.0231e-06
            Name      Activity  ActCoeffMolal    MoleFract      Molality
          H2O(L)      0.456078      0.617897      0.738112       55.5084
             Na+       63.9888       6.84013      0.124395        9.3549
             Cl-       63.9887       6.84013      0.124395        9.3549
              H+   6.78078e-07        64.585   1.39608e-10    1.0499e-08
             OH-   1.74799e-06       1.26988   1.83037e-08    1.3765e-06
        NaCl(aq)       0.98492             1     0.0130968       0.98492
        NaOH(aq)    3.8836e-06             1   5.16414e-08    3.8836e-06
    NaH3SiO4(aq)    6.8798e-05             1   9.14827e-07    6.8798e-05
        SiO2(aq)    3.0179e-05             1   4.01299e-07    3.0179e-05
         H3SiO4-   4.22813e-07      0.413266   1.36045e-08    1.0231e-06
