
Copywrite 2005 Sandia Corporation. Under the terms of Contract
DE-AC04-94AL85000 with Sandia Corporation, the U.S. Government
retains certain rights in this software.

 WARNING: LE_OneDbl set_default() for H2: Current Value, 1, doesn't agree with default value 0. Changing value at target address.
==========================================================
 STARTING PROCESSING COMMAND FILE bi.inp, PASS # 1
==========================================================
#
# Example of input
#-------------------------------------------------------------
#   -> Start of the top block
# 
Start Block TDcads Model definition
 #
 #  OneBool test example
 #    -> true or false
 #    
 Include Gas Species in Solution Vector = true
 => Include Gas Species in Solution Vector = true
 ====> Include Gas Species in Solution Vector = 1
 #
 #----------------------------------------------------------
 #
 #  OneBoolInt test example
 #
 Include Temperature in Solution Vector = true
 => Include Temperature in Solution Vector = true
 ====> Include Temperature in Solution Vector = 1
 #
 #---------------------------------------------------------
 # 
 # Pick List Example
 #   constant pressure", "constant volume", "psr
 #
 Boundary Conditions = constant pressure
 => Boundary Conditions = constant pressure
 ====> BoundaryConditions = constant pressure, list item 0
 #
 #----------------------------------------------------------
 #
 #  OneDblUnits test example
 #
 Volume of Reactor = 1.0 cm3
 => Volume of Reactor = 1.0 cm3
 ====> PO.VolInit = 1e-06
 #
 #----------------------------------------------------------
 #  enclosed block example
 #
 Start Block TDcads inflow Conditions
   #
   #  OneDbl example
   #
   Inflow Molar Flow Rate = 25.0
 => Inflow Molar Flow Rate = 25.0
 ====> PO.InflowMolarFlowRate = 25
   #
   #-------------------------------------------------------------
   #
   # Molar composition example
   #
   Start Block Inflow Gas Mole Fractions
     H2 = 0.4
 => H2 = 0.4
 ====> H2 = 0.4
     N2 = 0.4
 => N2 = 0.4
 ====> N2 = 0.4
     O2 = 0.2
 => O2 = 0.2
 ====> O2 = 0.2
   End block inflow gas mole fractions
	====> Summary of the block, Inflow Gas Mole Fractions:
	====>   InflowGasMoleFractions[ H2 : 0 ] = 0.4
	====>   InflowGasMoleFractions[ N2 : 1 ] = 0.4
	====>   InflowGasMoleFractions[ O2 : 2 ] = 0.2
	====>   InflowGasMoleFractions[ CH4 : 3 ] = 0
	====> End of Summmary of the block, Inflow Gas Mole Fractions:

 End Block TDcads inflow Conditions


End Block TDcads Model definition
=========================================================
 FINISHED PROCESSING COMMAND FILE bi.inp, PASS # 1
=========================================================
==========================================================
 STARTING PROCESSING COMMAND FILE bi.inp, PASS # 2
==========================================================
#
# Example of input
#-------------------------------------------------------------
#   -> Start of the top block
# 
Start Block TDcads Model definition
 #
 #  OneBool test example
 #    -> true or false
 #    
 Include Gas Species in Solution Vector = true
 => Include Gas Species in Solution Vector = true
 ====> Include Gas Species in Solution Vector = 1
 #
 #----------------------------------------------------------
 #
 #  OneBoolInt test example
 #
 Include Temperature in Solution Vector = true
 => Include Temperature in Solution Vector = true
 ====> Include Temperature in Solution Vector = 1
 #
 #---------------------------------------------------------
 # 
 # Pick List Example
 #   constant pressure", "constant volume", "psr
 #
 Boundary Conditions = constant pressure
 => Boundary Conditions = constant pressure
 ====> BoundaryConditions = constant pressure, list item 0
 #
 #----------------------------------------------------------
 #
 #  OneDblUnits test example
 #
 Volume of Reactor = 1.0 cm3
 => Volume of Reactor = 1.0 cm3
 ====> PO.VolInit = 1e-06
 #
 #----------------------------------------------------------
 #  enclosed block example
 #
 Start Block TDcads inflow Conditions
   #
   #  OneDbl example
   #
   Inflow Molar Flow Rate = 25.0
 => Inflow Molar Flow Rate = 25.0
 ====> PO.InflowMolarFlowRate = 25
   #
   #-------------------------------------------------------------
   #
   # Molar composition example
   #
   Start Block Inflow Gas Mole Fractions
     H2 = 0.4
 => H2 = 0.4
 ====> H2 = 0.4
     N2 = 0.4
 => N2 = 0.4
 ====> N2 = 0.4
     O2 = 0.2
 => O2 = 0.2
 ====> O2 = 0.2
   End block inflow gas mole fractions
	====> Summary of the block, Inflow Gas Mole Fractions:
	====>   InflowGasMoleFractions[ H2 : 0 ] = 0.4
	====>   InflowGasMoleFractions[ N2 : 1 ] = 0.4
	====>   InflowGasMoleFractions[ O2 : 2 ] = 0.2
	====>   InflowGasMoleFractions[ CH4 : 3 ] = 0
	====> End of Summmary of the block, Inflow Gas Mole Fractions:

 End Block TDcads inflow Conditions


End Block TDcads Model definition
=========================================================
 FINISHED PROCESSING COMMAND FILE bi.inp, PASS # 2
=========================================================
